<?xml version='1.0' encoding='UTF-8'?>
<dataset>
  <SPECIE.SPECIES_ANALYSIS_COUNTER UUID="a36c6719-f4d3-307d-858c-f956ef1e93b6" SPECIE="HUMAN" COUNTER="69"/>
  <SPECIE.SPECIES_ANALYSIS_COUNTER UUID="ea6b2755-8c50-319e-ba25-ad6b034d3025" SPECIE="SIMIAN" COUNTER="81"/>
</dataset>
