<?xml version='1.0' encoding='UTF-8'?>
<dataset>
  <SPECIE.SPECIES_ANALYSIS UUID="02db90a2-d0a2-3240-9a86-32bb299b3f53" DNA="CTGAGC-GCACCT-ACCACT-GGCCCT-CGCCTT-TACGAT" SPECIE="SIMIAN" ANALYZED_AT="2020-10-28 22:02:20.450654"/>
  <SPECIE.SPECIES_ANALYSIS UUID="0365270e-f867-3f45-bbdf-ef864d4a1bf9" DNA="TTGGTC-ATTAAC-GTATCG-TTTTAA-GGTCTG-ATCTCT" SPECIE="SIMIAN" ANALYZED_AT="2020-10-28 22:02:20.422785"/>
  <SPECIE.SPECIES_ANALYSIS UUID="067bb350-a4fd-3a69-a6f8-cc3b88240eba" DNA="TGGGCA-GATTAG-CAATTC-TCCTAC-CGCTAT-CAACGC" SPECIE="SIMIAN" ANALYZED_AT="2020-10-28 22:02:20.380461"/>
  <SPECIE.SPECIES_ANALYSIS UUID="07c43164-e946-3df9-a7bb-84706aed2e31" DNA="GCCAGA-AGACCA-AGACTA-TTGGAC-AACGGT-ATGCAC" SPECIE="HUMAN" ANALYZED_AT="2020-10-28 22:02:20.095503"/>
  <SPECIE.SPECIES_ANALYSIS UUID="0af7a818-8845-3378-8524-ef4c7158f31a" DNA="GACAGA-GAGCTG-CTCTAC-TGGTAG-ATAATT-GCTACT" SPECIE="HUMAN" ANALYZED_AT="2020-10-28 22:02:20.229623"/>
  <SPECIE.SPECIES_ANALYSIS UUID="0ebfa3a0-d051-3752-a7be-464a77fe29c1" DNA="AAAAGT-GCTCTC-CTGAAT-CAATGG-TTTAAC-CATATG" SPECIE="SIMIAN" ANALYZED_AT="2020-10-28 22:02:20.225202"/>
  <SPECIE.SPECIES_ANALYSIS UUID="1148f95e-8130-36eb-bc28-ea22dddeb3e3" DNA="GCATTG-CCGTCG-TCGGGG-AGCGCA-ACATAA-AATTGA" SPECIE="SIMIAN" ANALYZED_AT="2020-10-28 22:02:20.39317"/>
  <SPECIE.SPECIES_ANALYSIS UUID="1553c0e4-b692-302f-9b6e-46f5b43ba7d6" DNA="TGAGAG-GCACGA-TGTTCA-TAGCGG-GCCCTG-TGTTTG" SPECIE="HUMAN" ANALYZED_AT="2020-10-28 22:02:20.209563"/>
  <SPECIE.SPECIES_ANALYSIS UUID="15926c61-c72b-327d-8389-9893db12c2ce" DNA="TAGCCC-TTGGCA-CTTTCG-GTCCCT-GCTAAA-GATAGG" SPECIE="SIMIAN" ANALYZED_AT="2020-10-28 22:02:20.166215"/>
  <SPECIE.SPECIES_ANALYSIS UUID="1740bf34-9856-3da9-9214-b9244e2ab20e" DNA="CGCAGT-ACTCAT-GTTAAG-TCAACC-CTTGAA-ACAGTA" SPECIE="HUMAN" ANALYZED_AT="2020-10-28 22:02:20.217204"/>
  <SPECIE.SPECIES_ANALYSIS UUID="17762972-21bc-371e-aa5b-aced98badf11" DNA="CGGAGG-GCTAGA-CTCACA-TGATAA-TTAAAC-GATAGA" SPECIE="HUMAN" ANALYZED_AT="2020-10-28 22:02:20.25971"/>
  <SPECIE.SPECIES_ANALYSIS UUID="1edc7c7c-aa6c-3466-ba8c-89c94e076d60" DNA="TTATTA-CACCGG-AGGTGT-GTAGGA-CGAGGT-TGTTTC" SPECIE="SIMIAN" ANALYZED_AT="2020-10-28 22:02:20.094055"/>
  <SPECIE.SPECIES_ANALYSIS UUID="20e307b3-4df4-33af-8792-b7098a3ab303" DNA="GATACG-CACAAG-GGATGG-CTAGTA-GCGCGA-TGGCGT" SPECIE="SIMIAN" ANALYZED_AT="2020-10-28 22:02:20.223783"/>
  <SPECIE.SPECIES_ANALYSIS UUID="256514b2-6c14-3237-883a-9d40544c6ef4" DNA="CTAGTC-ATGGGA-GTGAGA-GAATCA-ACAACA-GGTGAA" SPECIE="SIMIAN" ANALYZED_AT="2020-10-28 22:02:20.466881"/>
  <SPECIE.SPECIES_ANALYSIS UUID="25a65c5a-f61d-3b68-be9c-6be9b7f6802f" DNA="GCTGGT-CAGTAC-TCTAAG-ATCGAG-ATGACG-ACTCAT" SPECIE="HUMAN" ANALYZED_AT="2020-10-28 22:02:20.253291"/>
  <SPECIE.SPECIES_ANALYSIS UUID="25cbfc17-0c05-333c-a41c-15ec963c2f7a" DNA="GGGCTC-CGGGCA-ACCCAC-TGTATT-CGAACA-TTCAAT" SPECIE="SIMIAN" ANALYZED_AT="2020-10-28 22:02:20.238034"/>
  <SPECIE.SPECIES_ANALYSIS UUID="26ff6b77-927d-3c2e-a74f-165d7a277e0f" DNA="CGAGCA-TGCCCG-CGGCTT-ATATAT-ACTTAG-CGAGTT" SPECIE="HUMAN" ANALYZED_AT="2020-10-28 22:02:20.150782"/>
  <SPECIE.SPECIES_ANALYSIS UUID="2716635e-3b73-32d0-b8b8-2fb1caaa920f" DNA="TGAGTG-TTCAGC-GACACA-GTTTTG-TCGTTA-TCCAGC" SPECIE="SIMIAN" ANALYZED_AT="2020-10-28 22:02:20.060502"/>
  <SPECIE.SPECIES_ANALYSIS UUID="2817087e-aec0-3f10-9578-9ee859be5299" DNA="TCAATT-CTGGGC-CTGCGC-GATGGT-CCGTAG-CCTTGA" SPECIE="HUMAN" ANALYZED_AT="2020-10-28 22:02:20.384295"/>
  <SPECIE.SPECIES_ANALYSIS UUID="2823919c-5136-3620-a094-4bda2305558b" DNA="CGCTAC-TTCCAA-GGCGAT-GGAAGA-GAGCGA-CTGGTT" SPECIE="SIMIAN" ANALYZED_AT="2020-10-28 22:02:20.356514"/>
  <SPECIE.SPECIES_ANALYSIS UUID="2ae571ee-6210-3dc0-8e43-d89f837336ee" DNA="CTAAGT-GCATAT-AAGACT-GTGTCA-TAGATA-GAGATG" SPECIE="SIMIAN" ANALYZED_AT="2020-10-28 22:02:19.954069"/>
  <SPECIE.SPECIES_ANALYSIS UUID="3218c73a-ae37-343b-b353-fd84cdf59d77" DNA="TCCAAC-CTTCGC-ACTTAA-CTCAAA-TATAGG-TGTTTC" SPECIE="HUMAN" ANALYZED_AT="2020-10-28 22:02:20.196005"/>
  <SPECIE.SPECIES_ANALYSIS UUID="33d24810-b19e-3fb0-9dc1-67e4052ef1fa" DNA="AGTGGA-GTCTGA-TGTCTA-GTCCCT-GCAGCT-TTGAGC" SPECIE="SIMIAN" ANALYZED_AT="2020-10-28 22:02:20.21071"/>
  <SPECIE.SPECIES_ANALYSIS UUID="3468f9c4-b638-3ad4-b819-aced1f6d4349" DNA="GACAGA-TCATAA-ACCTGC-GATCAT-CTAGTT-GGGTAC" SPECIE="HUMAN" ANALYZED_AT="2020-10-28 22:02:20.271158"/>
  <SPECIE.SPECIES_ANALYSIS UUID="382e69fe-d2c1-39d8-a039-ac59566315a3" DNA="CGATGG-CCTCAA-ATTAAG-GGCTTT-TCTAGG-ATGAAA" SPECIE="HUMAN" ANALYZED_AT="2020-10-28 22:02:20.436427"/>
  <SPECIE.SPECIES_ANALYSIS UUID="39ffa1a8-f70e-39d7-9c83-1994c8af85fa" DNA="AACTGG-GCTTAT-TGGACT-ACTTGG-AAATTA-ATTACA" SPECIE="HUMAN" ANALYZED_AT="2020-10-28 22:02:20.118089"/>
  <SPECIE.SPECIES_ANALYSIS UUID="3e94f2ae-68ca-31bd-b5fc-e6dc84dd6d63" DNA="GATCAC-CCCATC-TTTAGG-CGATAG-TATCTT-TCAGCG" SPECIE="HUMAN" ANALYZED_AT="2020-10-28 22:02:20.161315"/>
  <SPECIE.SPECIES_ANALYSIS UUID="435ddd16-8383-3272-8b79-05f26766c804" DNA="GTCTTA-TCCGAG-CTAGAA-TTAACC-TGCAGG-ACTCTT" SPECIE="HUMAN" ANALYZED_AT="2020-10-28 22:02:20.188211"/>
  <SPECIE.SPECIES_ANALYSIS UUID="439c22cd-e036-3e5d-aafd-a80c61e1c0a4" DNA="AACAGA-AAGGGG-GGAAGC-CGCAAG-AAAGGG-TCAGGT" SPECIE="SIMIAN" ANALYZED_AT="2020-10-28 22:02:20.231783"/>
  <SPECIE.SPECIES_ANALYSIS UUID="4445699c-d500-32e6-a455-e2c34055c7c9" DNA="TCAGTG-AACGCG-GTGCTG-ACCTGG-TCACCG-CGCTGA" SPECIE="SIMIAN" ANALYZED_AT="2020-10-28 22:02:20.198813"/>
  <SPECIE.SPECIES_ANALYSIS UUID="45d33bf9-b26f-34eb-ad67-922369ccab4f" DNA="AACTTC-TTGAAG-TGTTGC-GATCCA-CAGTAC-CCGGCC" SPECIE="HUMAN" ANALYZED_AT="2020-10-28 22:02:20.223514"/>
  <SPECIE.SPECIES_ANALYSIS UUID="46b24567-eb63-361a-a749-04208df6073f" DNA="AATGCG-AGTAAT-ATTATC-TTGCGC-GAAGTA-CTGAGG" SPECIE="HUMAN" ANALYZED_AT="2020-10-28 22:02:20.210747"/>
  <SPECIE.SPECIES_ANALYSIS UUID="485f31c6-30f5-3256-9352-56a4be0f34a0" DNA="GTGAAT-TACTTG-AGTTCT-CTAGTT-GCTGTC-TATCGC" SPECIE="HUMAN" ANALYZED_AT="2020-10-28 22:02:20.239149"/>
  <SPECIE.SPECIES_ANALYSIS UUID="48f14835-deec-376b-98d9-7fdff4fa32e0" DNA="CCTAGA-GCTACT-GAATTG-TAGCGA-CACGCA-TGTGCT" SPECIE="HUMAN" ANALYZED_AT="2020-10-28 22:02:20.18941"/>
  <SPECIE.SPECIES_ANALYSIS UUID="51cc9b88-9996-3c7c-ab8f-02e59f8800ba" DNA="CGGGTA-TTTATG-CCCAAG-TGGCCG-TGGGCT-GTCTGG" SPECIE="HUMAN" ANALYZED_AT="2020-10-28 22:02:20.127379"/>
  <SPECIE.SPECIES_ANALYSIS UUID="528b18e5-8c6a-3aa2-8d30-2a83f7535732" DNA="CTCGCG-ACCATC-GAACTC-ACCAAC-CATCCG-ACCTTG" SPECIE="HUMAN" ANALYZED_AT="2020-10-28 22:02:20.133082"/>
  <SPECIE.SPECIES_ANALYSIS UUID="52d87071-8fe9-3fd2-9ad0-5f7ceebd4c10" DNA="TGAAGA-TAAGGG-CAGAGA-CCAACC-CATAAG-TTTTAT" SPECIE="SIMIAN" ANALYZED_AT="2020-10-28 22:02:20.355852"/>
  <SPECIE.SPECIES_ANALYSIS UUID="537e98a2-e540-38a0-accb-c72b52762edb" DNA="AGTGGA-GTAAAC-GCTTCT-TGATCT-CGTCAC-GGTTGA" SPECIE="HUMAN" ANALYZED_AT="2020-10-28 22:02:20.203764"/>
  <SPECIE.SPECIES_ANALYSIS UUID="545739c3-aa3e-3caa-b317-1ab614943b39" DNA="GGCGGG-GAGATT-CGAAAT-TTATGC-CTCTCA-AAGGTG" SPECIE="HUMAN" ANALYZED_AT="2020-10-28 22:02:20.123694"/>
  <SPECIE.SPECIES_ANALYSIS UUID="55947058-5fd5-3534-b876-548172dcbee7" DNA="TAGGGT-TTTGAT-TGACGG-GCGGTA-CAGAAA-GGCTAT" SPECIE="SIMIAN" ANALYZED_AT="2020-10-28 22:02:20.44068"/>
  <SPECIE.SPECIES_ANALYSIS UUID="58614602-41ee-3aac-ae6d-0dfa42895dcf" DNA="TCACCC-AATATG-ATAACT-AGCGTC-TGCTTG-AGTTGT" SPECIE="SIMIAN" ANALYZED_AT="2020-10-28 22:02:20.217142"/>
  <SPECIE.SPECIES_ANALYSIS UUID="599618a5-4946-335f-9d20-a0c52d6f73c3" DNA="GCCTGC-AACATA-CTGCAT-GGCAGA-GGTCTA-CAGTCA" SPECIE="HUMAN" ANALYZED_AT="2020-10-28 22:02:20.445895"/>
  <SPECIE.SPECIES_ANALYSIS UUID="5aed099a-29ed-3728-afab-4244f3ea2fd6" DNA="ATCTTA-GCCTAC-ACTGAA-GTGGGC-ACCCTA-GCTCTG" SPECIE="SIMIAN" ANALYZED_AT="2020-10-28 22:02:20.06056"/>
  <SPECIE.SPECIES_ANALYSIS UUID="5b353562-26ba-3e55-9335-84874a9e2d95" DNA="GAACGC-TTGTGA-GTAGGT-GCAAAC-TCGCCT-GTCACG" SPECIE="HUMAN" ANALYZED_AT="2020-10-28 22:02:20.285565"/>
  <SPECIE.SPECIES_ANALYSIS UUID="5c4a07d1-4119-3bd3-add8-11d68b099273" DNA="GCGCCA-TATGTC-ACTAAC-ATGCTG-GCAGCT-CTAGTG" SPECIE="HUMAN" ANALYZED_AT="2020-10-28 22:02:20.100912"/>
  <SPECIE.SPECIES_ANALYSIS UUID="5f693bd2-fc51-3916-a2f2-4d8d12ce6e7d" DNA="CCTCCA-ACATTC-CGAAGT-CAAAAC-CCCACG-AGAAAC" SPECIE="SIMIAN" ANALYZED_AT="2020-10-28 22:02:20.264702"/>
  <SPECIE.SPECIES_ANALYSIS UUID="5fa6ad75-d1f3-3dad-9443-37e04a38bcc2" DNA="TTTTTG-CCTTTA-ATCTAC-ACGGCG-AGAGGC-CCAGTA" SPECIE="SIMIAN" ANALYZED_AT="2020-10-28 22:02:20.407804"/>
  <SPECIE.SPECIES_ANALYSIS UUID="5fcf500a-b048-3dbc-bb14-43b61000f670" DNA="TCTGCT-CGTGGT-GGCAAA-TTTTCG-AGCCCG-GGTTGG" SPECIE="SIMIAN" ANALYZED_AT="2020-10-28 22:02:20.134483"/>
  <SPECIE.SPECIES_ANALYSIS UUID="60e514df-735f-3295-8328-be7638dc3e4b" DNA="ACAGTA-GAGCCT-AATGCG-CATAAG-CATTTG-TCTAAA" SPECIE="SIMIAN" ANALYZED_AT="2020-10-28 22:02:20.233835"/>
  <SPECIE.SPECIES_ANALYSIS UUID="61938f27-be6c-39a7-be0d-68bcbfdbe4b6" DNA="CCGGAT-CTTGGT-TTTATG-GTTCGC-ATCATC-ACACCT" SPECIE="SIMIAN" ANALYZED_AT="2020-10-28 22:02:20.457329"/>
  <SPECIE.SPECIES_ANALYSIS UUID="628a9394-06b2-32f6-91ab-f07e7aec1f41" DNA="CGCTAC-CGCGAT-ACGCAA-TCCACT-AATGAT-CCTAGT" SPECIE="HUMAN" ANALYZED_AT="2020-10-28 22:02:19.95443"/>
  <SPECIE.SPECIES_ANALYSIS UUID="644cdcd9-89d6-3fa6-a8e2-a92b347f34fe" DNA="TGACTG-TGACCG-CTTCTT-GGGGGT-GGCGAG-CCGAGA" SPECIE="SIMIAN" ANALYZED_AT="2020-10-28 22:02:20.192549"/>
  <SPECIE.SPECIES_ANALYSIS UUID="66113d8d-8cef-3452-a097-1a072de2052d" DNA="TACCCA-AAACAG-GCAGTA-ACTCGG-GCTGCT-TGGGGT" SPECIE="SIMIAN" ANALYZED_AT="2020-10-28 22:02:20.223678"/>
  <SPECIE.SPECIES_ANALYSIS UUID="66675108-7d2f-315e-9344-322f51bc085c" DNA="AACGTC-TGATCT-TTCGAT-CAGACC-AGGCAA-ATGTAG" SPECIE="HUMAN" ANALYZED_AT="2020-10-28 22:02:20.120461"/>
  <SPECIE.SPECIES_ANALYSIS UUID="6830426a-587c-3835-880f-2dfece1c9228" DNA="AGGATC-AAAGTA-TATCGC-TAGAGC-AAGAAA-CGAACC" SPECIE="SIMIAN" ANALYZED_AT="2020-10-28 22:02:20.23681"/>
  <SPECIE.SPECIES_ANALYSIS UUID="699d2622-a572-38a3-88ec-b5bbd463400d" DNA="ATGATC-ACAATC-GGCCAA-ATCGCT-AAAATT-TGCGGA" SPECIE="SIMIAN" ANALYZED_AT="2020-10-28 22:02:20.437476"/>
  <SPECIE.SPECIES_ANALYSIS UUID="6ad56457-6069-3a3a-a9a0-ac265c050c99" DNA="GGGTAA-GAAGGT-AAGAAG-GTCACG-GGACAT-AGCAGA" SPECIE="HUMAN" ANALYZED_AT="2020-10-28 22:02:20.099363"/>
  <SPECIE.SPECIES_ANALYSIS UUID="6dbcfc96-505a-3b88-96b1-a6349bcda45b" DNA="GTCCTT-TGCGCG-TGGCTC-AAGTTA-CATCTT-TTTCGA" SPECIE="SIMIAN" ANALYZED_AT="2020-10-28 22:02:20.386215"/>
  <SPECIE.SPECIES_ANALYSIS UUID="6df3abf0-7a3d-3919-8607-3fc2a3c5de54" DNA="GCCTGC-GCACGC-GCAACC-CGGAGC-TCTCCT-TTCATA" SPECIE="SIMIAN" ANALYZED_AT="2020-10-28 22:02:20.307689"/>
  <SPECIE.SPECIES_ANALYSIS UUID="6f79ae42-76de-38e7-b3bd-d0243b6ed8b9" DNA="CCAGCC-CGGTAA-CTGGGT-ATCATA-GGGCCC-GTCAAA" SPECIE="HUMAN" ANALYZED_AT="2020-10-28 22:02:20.186676"/>
  <SPECIE.SPECIES_ANALYSIS UUID="6ffea26c-cbfc-351a-9e86-00c66bc73bf9" DNA="CCTCGT-AGGGTG-CAGCTA-CCACTC-CCGTAT-CCGGCT" SPECIE="SIMIAN" ANALYZED_AT="2020-10-28 22:02:20.372384"/>
  <SPECIE.SPECIES_ANALYSIS UUID="726474a9-50f6-3df9-aac0-ea75eca38c82" DNA="CATATG-CAGCAG-ATCTGG-CAAGAC-CTCCCT-ATGTTC" SPECIE="HUMAN" ANALYZED_AT="2020-10-28 22:02:20.124583"/>
  <SPECIE.SPECIES_ANALYSIS UUID="72f54af9-5e81-3121-9bd0-1c8693a42bc7" DNA="CACGCC-GGTGAG-CGGTGG-CTTCCT-ACTTTA-TAAAGT" SPECIE="HUMAN" ANALYZED_AT="2020-10-28 22:02:20.435981"/>
  <SPECIE.SPECIES_ANALYSIS UUID="74b1060e-88f9-3469-a243-d5c75679ca24" DNA="TTATGG-ATACAA-GAACAT-ATTTGA-CTTCTG-CCAGCT" SPECIE="HUMAN" ANALYZED_AT="2020-10-28 22:02:20.22346"/>
  <SPECIE.SPECIES_ANALYSIS UUID="7586998f-5a43-34ea-80f8-8f58d9cd69a9" DNA="GTCTAG-ATTCCG-GACTGA-TCACCT-CGATTG-AATATT" SPECIE="SIMIAN" ANALYZED_AT="2020-10-28 22:02:20.188106"/>
  <SPECIE.SPECIES_ANALYSIS UUID="75f21506-1291-31c2-918d-c2118873ca1a" DNA="CGGAGC-TATAGG-TTTTTG-CTCGAA-AAGCGG-ACGACA" SPECIE="SIMIAN" ANALYZED_AT="2020-10-28 22:02:20.393448"/>
  <SPECIE.SPECIES_ANALYSIS UUID="781e4607-d0a6-372a-ae07-dfe6cc6b785c" DNA="CAACTT-AGCCTC-TATACT-CCATTT-GTGTCG-TTTCGG" SPECIE="SIMIAN" ANALYZED_AT="2020-10-28 22:02:20.436546"/>
  <SPECIE.SPECIES_ANALYSIS UUID="78eb7702-ab13-3f1c-b19c-078adb6a1050" DNA="GGCCGG-CACCTG-CCTGTC-CGGGGG-TATGGG-TTCTCT" SPECIE="SIMIAN" ANALYZED_AT="2020-10-28 22:02:20.230146"/>
  <SPECIE.SPECIES_ANALYSIS UUID="7cfd7c65-a1f1-301a-a0f4-cfba38842d71" DNA="GTAGGC-CGTACG-TAAAAC-GGGGAA-GTCAGA-CAGCGT" SPECIE="SIMIAN" ANALYZED_AT="2020-10-28 22:02:20.387915"/>
  <SPECIE.SPECIES_ANALYSIS UUID="7e62f189-e80c-3677-8fe5-e2b22fe053d1" DNA="CAGCAT-GAACTC-GGCAGT-CTAACC-GAGCGT-CACTAG" SPECIE="HUMAN" ANALYZED_AT="2020-10-28 22:02:20.41083"/>
  <SPECIE.SPECIES_ANALYSIS UUID="7ed16ac1-b29e-3b25-9753-5b89e5150c1a" DNA="ATGTGC-TGGACT-CCTGTC-CGGAGC-TATATT-GGTAGC" SPECIE="HUMAN" ANALYZED_AT="2020-10-28 22:02:20.230027"/>
  <SPECIE.SPECIES_ANALYSIS UUID="7f15f6d6-f13a-3868-92ed-66298ffafeae" DNA="CTCACC-TGAACA-ACCACC-GGCTAA-GCGCAC-TAGCAA" SPECIE="HUMAN" ANALYZED_AT="2020-10-28 22:02:19.954996"/>
  <SPECIE.SPECIES_ANALYSIS UUID="7ff8d981-4487-33c6-b93a-fe181a24ea5d" DNA="TTACTA-CTCCCA-ATTGGG-GATGGG-TCCGTA-GCCCAT" SPECIE="HUMAN" ANALYZED_AT="2020-10-28 22:02:20.240614"/>
  <SPECIE.SPECIES_ANALYSIS UUID="83032a49-50f5-35e7-9132-6bfe790014b5" DNA="ACCACG-GCACAA-AGTTTC-AGATAG-ATGGGT-GACCCC" SPECIE="SIMIAN" ANALYZED_AT="2020-10-28 22:02:20.42667"/>
  <SPECIE.SPECIES_ANALYSIS UUID="83c41753-be91-386a-8a90-2d26f7f343c8" DNA="TGTGTC-TACCAG-CAAGTC-TACATA-TTTCTA-GGGTGT" SPECIE="HUMAN" ANALYZED_AT="2020-10-28 22:02:20.200897"/>
  <SPECIE.SPECIES_ANALYSIS UUID="83e5a831-7660-3080-8ff1-b1be412307e1" DNA="CGCCTT-CTTTGG-CGGTAG-GCCCTA-TGAGTT-CCAGCG" SPECIE="SIMIAN" ANALYZED_AT="2020-10-28 22:02:20.336121"/>
  <SPECIE.SPECIES_ANALYSIS UUID="84125bcc-7944-3fe6-9bf8-3f244b8c2f39" DNA="CTATCA-ACGAAT-GACGGT-AGACGG-CTAACA-GCCGAT" SPECIE="SIMIAN" ANALYZED_AT="2020-10-28 22:02:20.244188"/>
  <SPECIE.SPECIES_ANALYSIS UUID="86c9219d-b378-3183-956b-e824f587d0e5" DNA="GTGACA-CCAATC-ACACGA-AGTAGC-ACAAAA-CAAGGG" SPECIE="SIMIAN" ANALYZED_AT="2020-10-28 22:02:20.430967"/>
  <SPECIE.SPECIES_ANALYSIS UUID="870716ef-562b-330c-99ec-f4f55bc1d641" DNA="ACGACC-CAGGAC-GCAGAG-TCAGTC-ACAGAT-TACATT" SPECIE="SIMIAN" ANALYZED_AT="2020-10-28 22:02:20.405385"/>
  <SPECIE.SPECIES_ANALYSIS UUID="8b3a04b3-c0ff-3580-aadf-fba8cf66ad5b" DNA="GATCGT-AGTCGT-ATATAC-CCTTCC-GCGTAG-CGTTAC" SPECIE="SIMIAN" ANALYZED_AT="2020-10-28 22:02:20.444477"/>
  <SPECIE.SPECIES_ANALYSIS UUID="8cc31743-28cb-3ea6-a600-cd8dc8a488a9" DNA="GCAGTT-CAGCCG-AGGAGA-TTGATG-AGCAGA-GTAACG" SPECIE="SIMIAN" ANALYZED_AT="2020-10-28 22:02:20.435186"/>
  <SPECIE.SPECIES_ANALYSIS UUID="8e458964-f793-3459-bbec-b07bf6f47381" DNA="ACATGC-CGTTTA-CCACAC-GAATAC-AGCCAT-TCGAGC" SPECIE="HUMAN" ANALYZED_AT="2020-10-28 22:02:20.181571"/>
  <SPECIE.SPECIES_ANALYSIS UUID="90824263-7137-32cc-95fd-c215fb7270d0" DNA="GCTACC-ACCAGG-AGGTCG-CTTATG-AAGGGG-TTGACA" SPECIE="SIMIAN" ANALYZED_AT="2020-10-28 22:02:20.198187"/>
  <SPECIE.SPECIES_ANALYSIS UUID="90ccd1f8-7a8b-3926-b475-e46f670228e5" DNA="GCTACC-TAAGTC-CATTAC-GGCCAC-AAAGGT-GTCGTT" SPECIE="SIMIAN" ANALYZED_AT="2020-10-28 22:02:20.336867"/>
  <SPECIE.SPECIES_ANALYSIS UUID="92fc84e5-6563-36d8-830d-cfbeec010e16" DNA="TTCTTA-ATCTTG-GCTTAT-GCCGCA-CAAAGG-GCTGAT" SPECIE="HUMAN" ANALYZED_AT="2020-10-28 22:02:20.223518"/>
  <SPECIE.SPECIES_ANALYSIS UUID="949cc593-3f0f-36e7-add6-df2c6524230f" DNA="CCTCAT-CCCACG-CAGGGA-TTTACA-AATCAA-AGATAA" SPECIE="SIMIAN" ANALYZED_AT="2020-10-28 22:02:20.35262"/>
  <SPECIE.SPECIES_ANALYSIS UUID="99639a63-1d60-39bb-95f2-0cc475fff9fd" DNA="ACTTCG-TGTGAG-GATCCT-ATCGAC-ATTGAA-AATAGC" SPECIE="HUMAN" ANALYZED_AT="2020-10-28 22:02:20.312806"/>
  <SPECIE.SPECIES_ANALYSIS UUID="9b42df3d-b673-3b40-8659-0310975414d2" DNA="TCCGTT-CGCGAA-AAAATT-GAGCGC-TCCGTC-TCTAAA" SPECIE="SIMIAN" ANALYZED_AT="2020-10-28 22:02:20.450352"/>
  <SPECIE.SPECIES_ANALYSIS UUID="9d693119-5843-3015-8d47-ee1d7632503f" DNA="CTAATT-TACCAA-GTGCCA-GTTGAC-GCAACG-TCGAGT" SPECIE="HUMAN" ANALYZED_AT="2020-10-28 22:02:19.955125"/>
  <SPECIE.SPECIES_ANALYSIS UUID="9e6f2e7a-0471-38e1-810c-247399103e6b" DNA="CGGAGT-CCTGGG-AACTAA-CCGCCT-GAAGCA-TGTGTA" SPECIE="SIMIAN" ANALYZED_AT="2020-10-28 22:02:20.219035"/>
  <SPECIE.SPECIES_ANALYSIS UUID="9f172fa7-f393-3703-8e74-a25c0fedfabb" DNA="CAGGTT-TGCCCA-TGAATT-CAAGCA-ACTAGG-AATTGG" SPECIE="HUMAN" ANALYZED_AT="2020-10-28 22:02:20.128923"/>
  <SPECIE.SPECIES_ANALYSIS UUID="9f933ba7-8006-3710-bf36-aa089da3257d" DNA="CAGACC-TGGGAG-CTACAA-GCTGAG-AACTGT-AATTGG" SPECIE="SIMIAN" ANALYZED_AT="2020-10-28 22:02:20.322946"/>
  <SPECIE.SPECIES_ANALYSIS UUID="a0f4e21b-5042-3ad7-a0b4-a43474610ea2" DNA="AAATCC-AGAACC-GTGATG-ATGTTG-TACAAC-CGGGAC" SPECIE="HUMAN" ANALYZED_AT="2020-10-28 22:02:20.230176"/>
  <SPECIE.SPECIES_ANALYSIS UUID="a1085b6d-6551-3b81-a433-b66db0b0af76" DNA="CCACAG-CATGCT-CCGGGG-TAGAAT-CGTCTT-GGTCGA" SPECIE="SIMIAN" ANALYZED_AT="2020-10-28 22:02:20.279664"/>
  <SPECIE.SPECIES_ANALYSIS UUID="a36a5965-fff9-3628-8911-fccbc9bf34c7" DNA="CATTTG-ACTATA-CACTGC-AGGGCA-TTCACA-AACTAG" SPECIE="HUMAN" ANALYZED_AT="2020-10-28 22:02:20.21696"/>
  <SPECIE.SPECIES_ANALYSIS UUID="a9a0ae2b-2f97-399e-a016-fdd2a81c2375" DNA="TTTCCT-GCCACA-AAGTAT-TATAGC-ATGCGT-CCATGC" SPECIE="HUMAN" ANALYZED_AT="2020-10-28 22:02:20.152959"/>
  <SPECIE.SPECIES_ANALYSIS UUID="aa921dd1-eae5-3aa5-9d20-7d097f9fe514" DNA="CTCGCT-AGTCTC-TCGCCT-CGCGGA-GGTTGT-TTGTGG" SPECIE="SIMIAN" ANALYZED_AT="2020-10-28 22:02:20.153331"/>
  <SPECIE.SPECIES_ANALYSIS UUID="ad06f9dd-fa38-3480-b489-fd58b5090753" DNA="AGCTTC-TTGCAT-GTTACG-GCTAGC-TCCTTC-CACACG" SPECIE="SIMIAN" ANALYZED_AT="2020-10-28 22:02:20.253464"/>
  <SPECIE.SPECIES_ANALYSIS UUID="af031990-cddf-325e-98da-24bfa628f18e" DNA="AGTGAC-CTGCTC-TAAAAT-GGGGTA-GAGTAG-TTCGGC" SPECIE="SIMIAN" ANALYZED_AT="2020-10-28 22:02:20.401944"/>
  <SPECIE.SPECIES_ANALYSIS UUID="af3d811d-c0d2-3d10-b2b5-d723707c3520" DNA="GCTTAG-CACCCA-CGTGGA-TAACTA-GTTAGT-AGGAGA" SPECIE="HUMAN" ANALYZED_AT="2020-10-28 22:02:20.20094"/>
  <SPECIE.SPECIES_ANALYSIS UUID="b0264440-5cea-3a6f-8f2b-b41c6012dcd1" DNA="AGGGCC-TGCCTG-CACGCT-GAGAAT-TTCTAG-GACGAA" SPECIE="HUMAN" ANALYZED_AT="2020-10-28 22:02:20.140868"/>
  <SPECIE.SPECIES_ANALYSIS UUID="b0b6a130-2e63-388e-ae33-841759676d73" DNA="CCCATG-TTACGG-TATCTG-CCAGGT-AAAAAC-GGGTCC" SPECIE="SIMIAN" ANALYZED_AT="2020-10-28 22:02:20.130967"/>
  <SPECIE.SPECIES_ANALYSIS UUID="b24810e8-285f-32c2-bb4a-9c2f660502a1" DNA="AGGGCC-ACTTAA-CAGTCG-ATTCTA-ACCCCT-ACGGCC" SPECIE="SIMIAN" ANALYZED_AT="2020-10-28 22:02:20.384432"/>
  <SPECIE.SPECIES_ANALYSIS UUID="b2ffc593-fc8a-37dc-a0b3-872aa296c2cb" DNA="AGTTTT-TCCGTT-AAGTCA-TATTCG-ACATTA-GTTCTG" SPECIE="SIMIAN" ANALYZED_AT="2020-10-28 22:02:20.460016"/>
  <SPECIE.SPECIES_ANALYSIS UUID="b344d228-5638-378f-a7d8-c5c2c50970d7" DNA="GATAGG-AGGTCT-GCTGTA-CTGAAT-AATTGC-CATCGA" SPECIE="SIMIAN" ANALYZED_AT="2020-10-28 22:02:20.236797"/>
  <SPECIE.SPECIES_ANALYSIS UUID="b71ced8b-7671-3ae4-b7d9-31aa00508fec" DNA="GTGACT-GGATAG-CTAGAA-ATGACG-AAGTGG-CAATTT" SPECIE="HUMAN" ANALYZED_AT="2020-10-28 22:02:20.132827"/>
  <SPECIE.SPECIES_ANALYSIS UUID="b74c9de4-10a3-3fcf-80a0-9297cc149e12" DNA="CAGGCA-AGTAAA-AGCGTT-ATTTGT-TCAATC-CCAGCA" SPECIE="HUMAN" ANALYZED_AT="2020-10-28 22:02:20.150406"/>
  <SPECIE.SPECIES_ANALYSIS UUID="bb3a0d9a-7501-370f-a228-143561507cf1" DNA="CCTATC-AAATGC-TTTGAT-CGTATC-CGAACA-GACTTT" SPECIE="SIMIAN" ANALYZED_AT="2020-10-28 22:02:20.375541"/>
  <SPECIE.SPECIES_ANALYSIS UUID="bd1cfc5c-b5f4-38d7-969c-6d461d38f1b2" DNA="ATGTGA-GCCCAT-GCCTTT-GAGATT-TCGTTA-CTGTAC" SPECIE="HUMAN" ANALYZED_AT="2020-10-28 22:02:20.101316"/>
  <SPECIE.SPECIES_ANALYSIS UUID="be984b24-3c82-3ea8-a97a-6452bcf7853c" DNA="TCCTCC-TTCATT-TGCTTA-AGAAAC-CTGGCA-GCAAGC" SPECIE="HUMAN" ANALYZED_AT="2020-10-28 22:02:20.137379"/>
  <SPECIE.SPECIES_ANALYSIS UUID="becd1e94-a2aa-3de1-bc76-efd1659ece97" DNA="GGCGCC-ACTACA-CTCTCC-AATACC-GAGACG-TGAGGA" SPECIE="SIMIAN" ANALYZED_AT="2020-10-28 22:02:19.954069"/>
  <SPECIE.SPECIES_ANALYSIS UUID="c0d7dab2-e85b-3029-94f7-0cb598b4e3e0" DNA="ATCGCA-TCTCCG-TGGTTG-CCTTTC-GTAATC-ACCACT" SPECIE="SIMIAN" ANALYZED_AT="2020-10-28 22:02:20.430399"/>
  <SPECIE.SPECIES_ANALYSIS UUID="c3b25e9a-d8c2-3398-8ed7-ba5e94fd11e9" DNA="CGATAC-GATTCC-GTTCCT-GACCAG-CCACGG-GCCTGT" SPECIE="SIMIAN" ANALYZED_AT="2020-10-28 22:02:20.117632"/>
  <SPECIE.SPECIES_ANALYSIS UUID="c72aed9a-51b2-37f1-a12e-5618acd761ef" DNA="AAAAAC-GGTGTA-CTCTAA-CCATGC-TGGGGG-TGTCGT" SPECIE="SIMIAN" ANALYZED_AT="2020-10-28 22:02:20.081162"/>
  <SPECIE.SPECIES_ANALYSIS UUID="c7c6a428-efff-3725-a16e-da65bab31a9e" DNA="CAAGGC-GAAAGA-CTACGC-ATGATA-TCTTTG-ACTGCG" SPECIE="HUMAN" ANALYZED_AT="2020-10-28 22:02:20.19046"/>
  <SPECIE.SPECIES_ANALYSIS UUID="cb43fc6b-bac8-34dd-8559-589bd9bb19c1" DNA="AGTCTC-CTCGTT-AAAGCT-TCGTTT-TTGCTC-GTACGT" SPECIE="HUMAN" ANALYZED_AT="2020-10-28 22:02:20.428728"/>
  <SPECIE.SPECIES_ANALYSIS UUID="cd42a418-cba7-39d7-bd9e-d391b4693770" DNA="CCGGGA-TGGTGG-GACAGT-TGCGGT-ATTGGT-GCGGCA" SPECIE="SIMIAN" ANALYZED_AT="2020-10-28 22:02:20.315858"/>
  <SPECIE.SPECIES_ANALYSIS UUID="cd49b12f-bc7c-35d2-95d8-443f0edb7ffe" DNA="CAGCTG-CGGTAA-CCTTGG-GTAGTG-TTGACG-ACACGC" SPECIE="SIMIAN" ANALYZED_AT="2020-10-28 22:02:20.262153"/>
  <SPECIE.SPECIES_ANALYSIS UUID="d0d6404e-f07a-3833-8744-76c99584caf2" DNA="TACGTT-CCTAAG-ACTCGG-GTTGAC-CTCTAG-GCGGCT" SPECIE="HUMAN" ANALYZED_AT="2020-10-28 22:02:20.153331"/>
  <SPECIE.SPECIES_ANALYSIS UUID="d235a561-5f60-3512-82ae-396de33c4f8f" DNA="ACCATG-CATGTT-TCCTAC-GCTACA-CGAAGT-TAGGTG" SPECIE="SIMIAN" ANALYZED_AT="2020-10-28 22:02:20.442301"/>
  <SPECIE.SPECIES_ANALYSIS UUID="d3a9fcd0-b706-3170-a4e2-481b33575b69" DNA="AATAGA-AGGCGC-ATTACA-GGGTTG-GGCCCA-TTATCT" SPECIE="HUMAN" ANALYZED_AT="2020-10-28 22:02:20.161351"/>
  <SPECIE.SPECIES_ANALYSIS UUID="d676564b-1c4f-37ea-983d-df366b7b6cd2" DNA="GCTACC-CAGGCT-CAATAA-CTTAGG-GCATTC-CTTGTG" SPECIE="HUMAN" ANALYZED_AT="2020-10-28 22:02:20.074244"/>
  <SPECIE.SPECIES_ANALYSIS UUID="d96ed2cf-e93b-3c96-90a4-277b5e3ae7fc" DNA="CCGCAT-GGCCCG-AGGAAA-TTAGCA-TAGCTG-CTGAAA" SPECIE="HUMAN" ANALYZED_AT="2020-10-28 22:02:19.954216"/>
  <SPECIE.SPECIES_ANALYSIS UUID="de794271-2f65-3092-a6e3-8e585de316b6" DNA="TTCTGC-CAAGCG-CGCCAG-CCGTTC-TCTCTC-TTACCA" SPECIE="HUMAN" ANALYZED_AT="2020-10-28 22:02:20.457413"/>
  <SPECIE.SPECIES_ANALYSIS UUID="e056cf9a-c722-3fee-b070-7d11710810d9" DNA="TATAAC-GTAACG-TTCCAT-CCGGTC-CCGGCT-GTGGGT" SPECIE="HUMAN" ANALYZED_AT="2020-10-28 22:02:20.159077"/>
  <SPECIE.SPECIES_ANALYSIS UUID="e30bc6d2-0382-3ca4-a7dd-3704c29e5815" DNA="AGGGGT-TAAGGG-AGGACG-GCACGC-ACTAAG-GCTGAG" SPECIE="SIMIAN" ANALYZED_AT="2020-10-28 22:02:20.253437"/>
  <SPECIE.SPECIES_ANALYSIS UUID="e47f4127-28f2-3181-b1f8-a05539dd9aeb" DNA="TTTACC-ACATTG-AGAGTA-AATTGT-TCAGAG-CCGTCT" SPECIE="SIMIAN" ANALYZED_AT="2020-10-28 22:02:20.244203"/>
  <SPECIE.SPECIES_ANALYSIS UUID="e5c8e4ff-55ef-3ae2-83e0-2b03a068eddf" DNA="TGCATG-GTTCAG-CTCCAC-GGCGGC-TAACTA-GGATCC" SPECIE="HUMAN" ANALYZED_AT="2020-10-28 22:02:20.209181"/>
  <SPECIE.SPECIES_ANALYSIS UUID="e660304f-04a3-3915-bbf5-1eb285b43a0a" DNA="GCCAGT-TCCCGT-AAAACT-GAACCG-TATGTT-TGCGCA" SPECIE="SIMIAN" ANALYZED_AT="2020-10-28 22:02:20.315089"/>
  <SPECIE.SPECIES_ANALYSIS UUID="e6d867bc-ac71-3947-ac21-83c5e7d79160" DNA="TGTCTA-ACCGAT-TGCAAC-GCAACT-TCCATA-AGAGCT" SPECIE="SIMIAN" ANALYZED_AT="2020-10-28 22:02:20.451623"/>
  <SPECIE.SPECIES_ANALYSIS UUID="e8285d75-53e7-3033-94b7-7e0fcb6f580a" DNA="CTGATA-CCAAGT-TAAAGT-AGATCC-GAGCTA-ATTAGC" SPECIE="SIMIAN" ANALYZED_AT="2020-10-28 22:02:20.072775"/>
  <SPECIE.SPECIES_ANALYSIS UUID="e9cebaa1-f584-35e0-9f2e-c3a64e7aac30" DNA="TGTGCA-TAGCAG-ATAGGT-TAAGGG-AGATAA-TACAGC" SPECIE="SIMIAN" ANALYZED_AT="2020-10-28 22:02:20.395182"/>
  <SPECIE.SPECIES_ANALYSIS UUID="eb8d1642-0d24-3ed8-80c1-8bfa1b7cdb2a" DNA="TATCCG-AGATAG-GCTTTT-CATTCT-CGGTCT-AGAAAT" SPECIE="SIMIAN" ANALYZED_AT="2020-10-28 22:02:20.376405"/>
  <SPECIE.SPECIES_ANALYSIS UUID="ebe33fc4-0a98-3067-890d-b60c5de3c98c" DNA="GGCTGC-TTAGAA-CAGGTT-ACGAAA-TTTAGT-TTCCCG" SPECIE="HUMAN" ANALYZED_AT="2020-10-28 22:02:19.95434"/>
  <SPECIE.SPECIES_ANALYSIS UUID="ecd3b1a9-759a-39d1-8f3d-746e702e7eef" DNA="TGAGTG-CCCGTG-GAGAAC-TAGTCC-GTTCTT-AAAATG" SPECIE="SIMIAN" ANALYZED_AT="2020-10-28 22:02:20.440446"/>
  <SPECIE.SPECIES_ANALYSIS UUID="ed97a631-1e09-39c0-8861-d6ecea183207" DNA="CGACAA-ATGCCC-GACTCC-ATACGG-CAATGA-AGTCGA" SPECIE="HUMAN" ANALYZED_AT="2020-10-28 22:02:20.335094"/>
  <SPECIE.SPECIES_ANALYSIS UUID="f2cf45c5-b9e9-3a56-8d09-8b926dc15d5b" DNA="GTTCTG-ACTAAA-GTAGAC-GTTTGA-AACCAC-GAAAAC" SPECIE="SIMIAN" ANALYZED_AT="2020-10-28 22:02:20.422167"/>
  <SPECIE.SPECIES_ANALYSIS UUID="f336ba6c-433d-38b0-88a5-51ccda27e0c4" DNA="CTTAAC-AAAGGA-TGTCCG-AGGTAA-GGGTAG-TTGACA" SPECIE="HUMAN" ANALYZED_AT="2020-10-28 22:02:20.217029"/>
  <SPECIE.SPECIES_ANALYSIS UUID="f4222850-992e-3880-a196-fe3df400f3a5" DNA="GAACGA-AGCCGC-ACGGAA-ATCGCT-CGAAAA-AGACAA" SPECIE="SIMIAN" ANALYZED_AT="2020-10-28 22:02:20.246054"/>
  <SPECIE.SPECIES_ANALYSIS UUID="f74e7007-969b-37f5-8790-dafb89a2e71a" DNA="CCTAAA-TGCGGT-TGTAAA-GTTTAG-TTGGGG-CCCTAC" SPECIE="SIMIAN" ANALYZED_AT="2020-10-28 22:02:20.422465"/>
  <SPECIE.SPECIES_ANALYSIS UUID="f8edc28f-0dc3-3a50-bbc1-97f6c0a16431" DNA="CATGAG-AGGAGA-CGGTAG-TATCCA-GCACTT-ACGCAC" SPECIE="HUMAN" ANALYZED_AT="2020-10-28 22:02:19.954223"/>
  <SPECIE.SPECIES_ANALYSIS UUID="fc0e6057-3948-3554-ab1c-253d03ebfa67" DNA="CTGTCC-GTGGTA-CGCCGG-TCTTGG-CACCCG-TACAAT" SPECIE="SIMIAN" ANALYZED_AT="2020-10-28 22:02:20.431892"/>
  <SPECIE.SPECIES_ANALYSIS UUID="fc85df9c-085f-34cc-95ba-68802f668252" DNA="GACTCA-CGCTTA-TATTTT-TCTGGC-CAGACA-ATCACC" SPECIE="SIMIAN" ANALYZED_AT="2020-10-28 22:02:20.372329"/>
  <SPECIE.SPECIES_ANALYSIS UUID="fcf54df2-61e3-3dc4-a74f-1c1f77c33070" DNA="AATGAT-CGTCCG-GCTGTT-AACCTA-ATAAGG-TTTCTT" SPECIE="HUMAN" ANALYZED_AT="2020-10-28 22:02:20.190935"/>
  <SPECIE.SPECIES_ANALYSIS UUID="fd71b34f-c103-3e21-b4f2-eee5fbafa31c" DNA="GGTAGA-TGATCA-AAAGTA-CGGTTC-AAGCTC-TTTATC" SPECIE="SIMIAN" ANALYZED_AT="2020-10-28 22:02:20.404788"/>
  <SPECIE.SPECIES_ANALYSIS UUID="fd797dda-bb4b-36d0-ae3c-f7931c301595" DNA="CACAGA-GGCAGG-CAAAAG-TCAATA-TTTGAG-GTTGCA" SPECIE="SIMIAN" ANALYZED_AT="2020-10-28 22:02:20.273049"/>
  <SPECIE.SPECIES_ANALYSIS UUID="fd98e2ab-0818-3a01-8b29-515dcb2f5633" DNA="TGCCAG-ATTCCG-ATACCC-TGCGAA-AACTGG-CGCCGA" SPECIE="HUMAN" ANALYZED_AT="2020-10-28 22:02:20.2637"/>
  <SPECIE.SPECIES_ANALYSIS UUID="feabe91b-2d5c-353d-9d3b-6774bbdd479c" DNA="CTTGGA-TAGGCC-AACTAA-TCGAGC-CATTCG-CATTTC" SPECIE="HUMAN" ANALYZED_AT="2020-10-28 22:02:20.178264"/>
  <SPECIE.SPECIES_ANALYSIS UUID="feae0dca-8e1a-3b08-bab9-0c50b2448469" DNA="CAACGC-AGGCTG-ATTGAC-ACGGTC-CCATCC-ATTGAA" SPECIE="HUMAN" ANALYZED_AT="2020-10-28 22:02:20.238054"/>
  <SPECIE.SPECIES_ANALYSIS UUID="ff416380-b6d7-35f5-8d6a-4b10061a5559" DNA="GTTGCT-TGGTAA-TTCCGT-GAGCAA-AGTGAC-AACCTA" SPECIE="HUMAN" ANALYZED_AT="2020-10-28 22:02:20.16523"/>
</dataset>
