{
    "count_mutant_dna": 4,
    "count_human_dna": 1,
    "ratio": 4.0
}