<?xml version='1.0' encoding='UTF-8'?>
<dataset>
  <SPECIE.SPECIES_ANALYSIS_COUNTER/>
</dataset>
