<?xml version='1.0' encoding='UTF-8'?>
<dataset>
  <SPECIE.SPECIES_ANALYSIS_COUNTER UUID="ea6b2755-8c50-319e-ba25-ad6b034d3025" SPECIE="SIMIAN" COUNTER="1"/>
</dataset>
