<?xml version='1.0' encoding='UTF-8'?>
<dataset>
  <SPECIE.SPECIES_ANALYSIS UUID="4c604c05-6ef9-3de5-b55d-e4eade0d8163" DNA="CTTAGA-CTATGC-CATCTT-ACACGT-CCTGTA-TCACTG" SPECIE="SIMIAN" ANALYZED_AT="2020-10-27 22:32:38.743332"/>
</dataset>
