<?xml version='1.0' encoding='UTF-8'?>
<dataset>
  <SPECIE.SPECIES_ANALYSIS UUID="6a602b7c-ecc8-3beb-9a75-99bf76c34610" DNA="CTTAGA-CTATGC-CTTCTT-ACACGT-CCTGTA-TCACTG" SPECIE="SIMIAN" ANALYZED_AT="2020-10-27 22:39:34.14464"/>
</dataset>
