<?xml version='1.0' encoding='UTF-8'?>
<dataset>
  <SPECIE.SPECIES_ANALYSIS UUID="e3bc065d-4e91-3a62-8716-4bc83639c3f7" DNA="CTTAGA-CTATGC-CGTCTT-ACACGT-CCTCTA-TCACTG" SPECIE="SIMIAN" ANALYZED_AT="2020-10-27 22:23:39.042254"/>
</dataset>
