<?xml version='1.0' encoding='UTF-8'?>
<dataset>
  <SPECIE.SPECIES_ANALYSIS UUID="053a06a4-5b45-3e69-8f1c-cadf36bd0950" DNA="ATGCGA-CAGTGC-TTATTT-AGACGG-GCGTCA-TCACTG" SPECIE="HUMAN" ANALYZED_AT="2020-10-28 10:24:24.621782"/>
</dataset>
