<?xml version='1.0' encoding='UTF-8'?>
<dataset>
  <SPECIE.SPECIES_ANALYSIS_COUNTER UUID="a36c6719-f4d3-307d-858c-f956ef1e93b6" SPECIE="HUMAN" COUNTER="1"/>
</dataset>
