<?xml version='1.0' encoding='UTF-8'?>
<dataset>
  <SPECIE.SPECIES_ANALYSIS UUID="eb0a03eb-83ae-3ac9-a463-7627b38cfe6b" DNA="ATGCGA-CAGTGC-TTATGT-AGAAGG-CCCCTA-TCACTG" SPECIE="SIMIAN" ANALYZED_AT="2020-10-28 11:04:17.196958"/>
</dataset>
