{
    "count_mutant_dna": 81,
    "count_human_dna": 69,
    "ratio": 1.2
}